INFO 2026-06-27 12:01:24,604 views 25188 9736 Image sauvegardée: catalogues/Carrefour_2026-06-18_2026-06-26_Carrefour Tunisie - Catalogue Carrefour Market - Coupe du monde-12.jpg
INFO 2026-06-27 12:01:24,608 views 25188 9736 Produits détectés avec YOLO: 0
INFO 2026-06-27 12:01:24,608 views 25188 9736 Utilisation du mode fallback (EasyOCR)
WARNING 2026-06-27 12:01:24,608 easyocr 25188 9736 Using CPU. Note: This module is much faster with a GPU.
WARNING 2026-06-27 12:01:28,095 easyocr 25188 9736 Using CPU. Note: This module is much faster with a GPU.
INFO 2026-06-27 12:02:52,491 views 25528 2460 Image sauvegardée: catalogues/Carrefour_2026-06-18_2026-06-26_Carrefour Tunisie - Catalogue Carrefour Market - Coupe du monde-12_1TfmeYk.jpg
WARNING 2026-06-27 12:02:52,641 easyocr 25528 2460 Using CPU. Note: This module is much faster with a GPU.
WARNING 2026-06-27 12:02:55,943 easyocr 25528 2460 Using CPU. Note: This module is much faster with a GPU.
INFO 2026-06-27 12:03:40,366 views 25528 2460 Produits détectés avec YOLO: 12
INFO 2026-06-27 12:03:40,384 views 25528 2460 Produit créé: Céréales Nesauik
INFO 2026-06-27 12:03:40,398 views 25528 2460 Produit créé: Boisson énergétique
INFO 2026-06-27 12:03:40,412 views 25528 2460 Produit créé: Boisson au jus
INFO 2026-06-27 12:03:40,429 views 25528 2460 Produit créé: Boisson au jus de fruits multivitaminés
INFO 2026-06-27 12:03:40,443 views 25528 2460 Produit créé: Chamia nature
INFO 2026-06-27 12:03:40,458 views 25528 2460 Produit créé: Granola
INFO 2026-06-27 12:03:40,470 views 25528 2460 Produit créé: Chocolat en poudre Chocoline
INFO 2026-06-27 12:03:40,486 views 25528 2460 Produit créé: Biscuits enrobés goût chocolat
INFO 2026-06-27 12:03:40,500 views 25528 2460 Produit créé: Crème à tartiner Rocher
INFO 2026-06-27 12:03:40,517 views 25528 2460 Produit créé: Cookies Healthy
INFO 2026-06-27 12:03:40,531 views 25528 2460 Produit créé: Café moulu
INFO 2026-06-27 12:03:40,544 views 25528 2460 Produit créé: Cookies
INFO 2026-06-27 12:04:54,823 views 25528 2460 Image sauvegardée: catalogues/Carrefour_2026-06-18_2026-06-26_Carrefour Tunisie - Catalogue Carrefour Market - Coupe du monde-11.jpg
INFO 2026-06-27 12:05:32,919 views 25528 2460 Produits détectés avec YOLO: 13
INFO 2026-06-27 12:05:32,933 views 25528 2460 Produit créé: Harissa
INFO 2026-06-27 12:05:32,944 views 25528 2460 Produit créé: Huile d'olive extra vierge Bio
INFO 2026-06-27 12:05:32,960 views 25528 2460 Produit créé: Champignons en tranches
INFO 2026-06-27 12:05:32,972 views 25528 2460 Produit créé: Mayonnaise
INFO 2026-06-27 12:05:32,985 views 25528 2460 Produit créé: Maïs doux
INFO 2026-06-27 12:05:32,998 views 25528 2460 Produit créé: Huile de colza
INFO 2026-06-27 12:05:33,011 views 25528 2460 Produit créé: Chips Chips-Up
INFO 2026-06-27 12:05:33,026 views 25528 2460 Produit créé: Chips
INFO 2026-06-27 12:05:33,037 views 25528 2460 Produit créé: Thon entier à l'huile végétale
INFO 2026-06-27 12:05:33,052 views 25528 2460 Produit créé: Croustilles de pommes de terre
INFO 2026-06-27 12:05:33,065 views 25528 2460 Produit créé: Huile végétale
INFO 2026-06-27 12:05:33,077 views 25528 2460 Produit créé: Tomates pelées concassées au basilic
INFO 2026-06-27 12:05:33,089 views 25528 2460 Produit créé: 
INFO 2026-06-27 12:07:24,129 views 25528 2460 Image sauvegardée: catalogues/Carrefour_2026-06-11_2026-06-26_Carrefour Tunisie - Catalogue Carrefour Market - Coupe du monde-16.jpg
INFO 2026-06-27 12:07:24,469 views 25528 2460 Produits détectés avec YOLO: 1
INFO 2026-06-27 12:07:24,479 views 25528 2460 Produit créé: 
INFO 2026-06-27 12:07:51,594 views 25528 2460 Image sauvegardée: catalogues/Carrefour_2026-06-10_2026-06-26_Carrefour Tunisie - Catalogue Carrefour Market - Coupe du monde-15.jpg
INFO 2026-06-27 12:08:11,335 views 25528 2460 Produits détectés avec YOLO: 7
INFO 2026-06-27 12:08:11,353 views 25528 2460 Produit créé: Jambon de dinde Royal
INFO 2026-06-27 12:08:11,370 views 25528 2460 Produit créé: Beefteck de veau x 2
INFO 2026-06-27 12:08:11,385 views 25528 2460 Produit créé: Fromage au persil
INFO 2026-06-27 12:08:11,399 views 25528 2460 Produit créé: Cordon bleu
INFO 2026-06-27 12:08:11,413 views 25528 2460 Produit créé: Chicken nuggets
INFO 2026-06-27 12:08:11,427 views 25528 2460 Produit créé: rollv?? Fromage Edam
INFO 2026-06-27 12:08:11,443 views 25528 2460 Produit créé: Fromage mozzarella
INFO 2026-06-27 12:55:05,232 views 11288 13788 Image sauvegardée: catalogues/Carrefour_2026-06-18_2026-06-27_Carrefour Tunisie - Catalogue Carrefour Market - Coupe du monde-04.jpg
WARNING 2026-06-27 12:55:05,402 easyocr 11288 13788 Using CPU. Note: This module is much faster with a GPU.
WARNING 2026-06-27 12:55:09,417 easyocr 11288 13788 Using CPU. Note: This module is much faster with a GPU.
INFO 2026-06-27 12:55:30,357 views 11288 13788 Produits détectés avec YOLO: 7
INFO 2026-06-27 12:55:30,367 views 11288 13788 Produit créé: Cafetière. (ID: 34)
INFO 2026-06-27 12:55:30,376 views 11288 13788 Produit créé: Machine à Panini. (ID: 35)
INFO 2026-06-27 12:55:30,386 views 11288 13788 Produit créé: Téléphone portable (ID: 36)
INFO 2026-06-27 12:55:30,395 views 11288 13788 Produit créé: Smartphone (ID: 37)
INFO 2026-06-27 12:55:30,405 views 11288 13788 Produit créé: Écouteurs bluetooth (ID: 38)
INFO 2026-06-27 12:55:30,414 views 11288 13788 Produit créé: Casque bluetooth (ID: 39)
INFO 2026-06-27 12:55:30,423 views 11288 13788 Produit créé: Montre connectée (ID: 40)
INFO 2026-06-27 13:25:33,367 views 2824 19292 Image sauvegardée: catalogues/Aziza_2026-06-17_2026-06-24_Carrefour Tunisie - Catalogue Carrefour Market - Coupe du monde-12.jpg
WARNING 2026-06-27 13:25:33,766 easyocr 2824 19292 Using CPU. Note: This module is much faster with a GPU.
WARNING 2026-06-27 13:25:44,025 easyocr 2824 19292 Using CPU. Note: This module is much faster with a GPU.
INFO 2026-06-27 13:26:25,578 views 2824 19292 Produits détectés avec YOLO: 12
INFO 2026-06-27 13:26:25,590 views 2824 19292 Produit créé: Céréales Nesauik (ID: 41)
INFO 2026-06-27 13:26:25,606 views 2824 19292 Produit créé: Boisson énergétique (ID: 42)
INFO 2026-06-27 13:26:25,618 views 2824 19292 Produit créé: Boisson au jus (ID: 43)
INFO 2026-06-27 13:26:25,631 views 2824 19292 Produit créé: Boisson au jus de fruits multivitaminés (ID: 44)
INFO 2026-06-27 13:26:25,648 views 2824 19292 Produit créé: Chamia nature (ID: 45)
INFO 2026-06-27 13:26:25,661 views 2824 19292 Produit créé: Granola (ID: 46)
INFO 2026-06-27 13:26:25,674 views 2824 19292 Produit créé: Chocolat en poudre Chocoline (ID: 47)
INFO 2026-06-27 13:26:25,686 views 2824 19292 Produit créé: Biscuits enrobés goût chocolat (ID: 48)
INFO 2026-06-27 13:26:25,701 views 2824 19292 Produit créé: Crème à tartiner Rocher (ID: 49)
INFO 2026-06-27 13:26:25,713 views 2824 19292 Produit créé: Cookies Healthy (ID: 50)
INFO 2026-06-27 13:26:25,723 views 2824 19292 Produit créé: Café moulu (ID: 51)
INFO 2026-06-27 13:26:25,736 views 2824 19292 Produit créé: Cookies (ID: 52)
INFO 2026-06-27 13:41:26,769 views 14480 24192 Image sauvegardée: catalogues/Carrefour_2026-06-18_2026-06-27_Catalogue-Monoprix-OC3-du-03_02_2025-au-16_02_2025_page-0001.jpg
WARNING 2026-06-27 13:41:27,254 easyocr 14480 24192 Using CPU. Note: This module is much faster with a GPU.
WARNING 2026-06-27 13:41:36,028 easyocr 14480 24192 Using CPU. Note: This module is much faster with a GPU.
INFO 2026-06-27 13:42:04,989 views 14480 24192 Produits détectés avec YOLO: 0
INFO 2026-06-27 13:42:04,989 views 14480 24192 Utilisation du mode fallback (EasyOCR)
INFO 2026-06-27 13:42:53,451 views 14480 24192 Produits détectés avec fallback: 1
INFO 2026-06-27 13:42:53,489 views 14480 24192 Produit créé: Produit détecté (ID: 53)
INFO 2026-06-27 13:49:52,838 views 2712 8400 Image sauvegardée: catalogues/MG_2026-06-17_2026-06-27_catalogue_2_FB_IMG_1779096538915.jpg
WARNING 2026-06-27 13:49:53,191 easyocr 2712 8400 Using CPU. Note: This module is much faster with a GPU.
WARNING 2026-06-27 13:50:02,707 easyocr 2712 8400 Using CPU. Note: This module is much faster with a GPU.
INFO 2026-06-27 13:50:22,123 views 2712 8400 Produits détectés avec YOLO: 0
INFO 2026-06-27 13:50:22,126 views 2712 8400 Utilisation du mode fallback (EasyOCR)
INFO 2026-06-27 13:51:26,924 views 2712 8400 Produits détectés avec fallback: 1
INFO 2026-06-27 13:53:02,698 views 19936 20520 Image sauvegardée: catalogues/Géant_2026-06-20_2026-06-27_catalogue_2_FB_IMG_1780571434479.jpg
WARNING 2026-06-27 13:53:03,167 easyocr 19936 20520 Using CPU. Note: This module is much faster with a GPU.
WARNING 2026-06-27 13:53:12,879 easyocr 19936 20520 Using CPU. Note: This module is much faster with a GPU.
INFO 2026-06-27 13:53:30,254 views 19936 20520 Produits détectés avec YOLO: 1
INFO 2026-06-27 13:53:30,257 views 19936 20520 Image produit 0 décodée avec succès
INFO 2026-06-27 13:54:12,180 views 19936 20520 Image supprimée: C:\Users\merya\Desktop\3AI\sem1\pyhton\catalogue_project\media\produits/produit_7_0_1782564810.jpg
INFO 2026-06-27 13:54:34,184 views 19936 20520 Image sauvegardée: catalogues/MG_2026-06-20_2026-06-27_catalogue_2_FB_IMG_1780571437399.jpg
INFO 2026-06-27 13:55:14,514 views 19936 20520 Produits détectés avec YOLO: 10
INFO 2026-06-27 13:55:14,521 views 19936 20520 Image produit 0 décodée avec succès
INFO 2026-06-27 13:55:14,548 views 19936 20520 Image produit 1 décodée avec succès
INFO 2026-06-27 13:55:14,572 views 19936 20520 Image produit 2 décodée avec succès
INFO 2026-06-27 13:55:14,601 views 19936 20520 Image produit 3 décodée avec succès
INFO 2026-06-27 13:55:14,631 views 19936 20520 Image produit 4 décodée avec succès
INFO 2026-06-27 13:55:14,654 views 19936 20520 Image produit 5 décodée avec succès
INFO 2026-06-27 13:55:14,680 views 19936 20520 Image produit 6 décodée avec succès
INFO 2026-06-27 13:55:14,703 views 19936 20520 Image produit 7 décodée avec succès
INFO 2026-06-27 13:55:14,730 views 19936 20520 Image produit 8 décodée avec succès
INFO 2026-06-27 13:55:14,763 views 19936 20520 Image produit 9 décodée avec succès
INFO 2026-06-27 14:15:02,149 views 24756 15208 Image sauvegardée: catalogues/Carrefour_2026-06-20_2026-06-27_catalogue_2_FB_IMG_1780571424856.jpg
WARNING 2026-06-27 14:15:02,321 easyocr 24756 15208 Using CPU. Note: This module is much faster with a GPU.
WARNING 2026-06-27 14:15:05,897 easyocr 24756 15208 Using CPU. Note: This module is much faster with a GPU.
INFO 2026-06-27 14:15:28,504 views 24756 15208 Produits détectés avec YOLO: 10
INFO 2026-06-27 14:15:28,511 views 24756 15208 Image produit 0 décodée avec succès
INFO 2026-06-27 14:15:28,540 views 24756 15208 Image produit 1 décodée avec succès
INFO 2026-06-27 14:15:28,560 views 24756 15208 Image produit 2 décodée avec succès
INFO 2026-06-27 14:15:28,581 views 24756 15208 Image produit 3 décodée avec succès
INFO 2026-06-27 14:15:28,603 views 24756 15208 Image produit 4 décodée avec succès
INFO 2026-06-27 14:15:28,624 views 24756 15208 Image produit 5 décodée avec succès
INFO 2026-06-27 14:15:28,643 views 24756 15208 Image produit 6 décodée avec succès
INFO 2026-06-27 14:15:28,663 views 24756 15208 Image produit 7 décodée avec succès
INFO 2026-06-27 14:15:28,682 views 24756 15208 Image produit 8 décodée avec succès
INFO 2026-06-27 14:15:28,700 views 24756 15208 Image produit 9 décodée avec succès
INFO 2026-06-27 14:16:33,539 views 24756 5304 Image supprimée: C:\Users\merya\Desktop\3AI\sem1\pyhton\catalogue_project\media\produits/produit_9_9_1782566128.jpg
INFO 2026-06-27 14:16:33,540 views 24756 5304 Image supprimée: C:\Users\merya\Desktop\3AI\sem1\pyhton\catalogue_project\media\produits/produit_9_8_1782566128.jpg
INFO 2026-06-27 14:16:33,541 views 24756 5304 Image supprimée: C:\Users\merya\Desktop\3AI\sem1\pyhton\catalogue_project\media\produits/produit_9_7_1782566128.jpg
INFO 2026-06-27 14:16:33,543 views 24756 5304 Image supprimée: C:\Users\merya\Desktop\3AI\sem1\pyhton\catalogue_project\media\produits/produit_9_6_1782566128.jpg
INFO 2026-06-27 14:16:33,543 views 24756 5304 Image supprimée: C:\Users\merya\Desktop\3AI\sem1\pyhton\catalogue_project\media\produits/produit_9_5_1782566128.jpg
INFO 2026-06-27 14:16:33,544 views 24756 5304 Image supprimée: C:\Users\merya\Desktop\3AI\sem1\pyhton\catalogue_project\media\produits/produit_9_4_1782566128.jpg
INFO 2026-06-27 14:16:33,545 views 24756 5304 Image supprimée: C:\Users\merya\Desktop\3AI\sem1\pyhton\catalogue_project\media\produits/produit_9_3_1782566128.jpg
INFO 2026-06-27 14:16:33,546 views 24756 5304 Image supprimée: C:\Users\merya\Desktop\3AI\sem1\pyhton\catalogue_project\media\produits/produit_9_2_1782566128.jpg
INFO 2026-06-27 14:16:33,547 views 24756 5304 Image supprimée: C:\Users\merya\Desktop\3AI\sem1\pyhton\catalogue_project\media\produits/produit_9_1_1782566128.jpg
INFO 2026-06-27 14:16:33,548 views 24756 5304 Image supprimée: C:\Users\merya\Desktop\3AI\sem1\pyhton\catalogue_project\media\produits/produit_9_0_1782566128.jpg
INFO 2026-06-27 14:16:33,549 views 24756 5304 Image supprimée: C:\Users\merya\Desktop\3AI\sem1\pyhton\catalogue_project\media\produits/produit_8_9_1782564914.jpg
INFO 2026-06-27 14:16:33,550 views 24756 5304 Image supprimée: C:\Users\merya\Desktop\3AI\sem1\pyhton\catalogue_project\media\produits/produit_8_8_1782564914.jpg
INFO 2026-06-27 14:16:33,551 views 24756 5304 Image supprimée: C:\Users\merya\Desktop\3AI\sem1\pyhton\catalogue_project\media\produits/produit_8_7_1782564914.jpg
INFO 2026-06-27 14:16:33,551 views 24756 5304 Image supprimée: C:\Users\merya\Desktop\3AI\sem1\pyhton\catalogue_project\media\produits/produit_8_6_1782564914.jpg
INFO 2026-06-27 14:16:33,552 views 24756 5304 Image supprimée: C:\Users\merya\Desktop\3AI\sem1\pyhton\catalogue_project\media\produits/produit_8_5_1782564914.jpg
INFO 2026-06-27 14:16:33,553 views 24756 5304 Image supprimée: C:\Users\merya\Desktop\3AI\sem1\pyhton\catalogue_project\media\produits/produit_8_4_1782564914.jpg
INFO 2026-06-27 14:16:33,554 views 24756 5304 Image supprimée: C:\Users\merya\Desktop\3AI\sem1\pyhton\catalogue_project\media\produits/produit_8_3_1782564914.jpg
INFO 2026-06-27 14:16:33,555 views 24756 5304 Image supprimée: C:\Users\merya\Desktop\3AI\sem1\pyhton\catalogue_project\media\produits/produit_8_2_1782564914.jpg
INFO 2026-06-27 14:16:33,556 views 24756 5304 Image supprimée: C:\Users\merya\Desktop\3AI\sem1\pyhton\catalogue_project\media\produits/produit_8_1_1782564914.jpg
INFO 2026-06-27 14:16:33,557 views 24756 5304 Image supprimée: C:\Users\merya\Desktop\3AI\sem1\pyhton\catalogue_project\media\produits/produit_8_0_1782564914.jpg
INFO 2026-06-27 14:16:58,741 views 24756 5304 Image sauvegardée: catalogues/MG_2026-06-19_2026-06-27_catalogue_2_FB_IMG_1780571424856.jpg
INFO 2026-06-27 14:17:19,069 views 24756 5304 Produits détectés avec YOLO: 10
INFO 2026-06-27 14:17:19,077 views 24756 5304 Image produit 0 décodée avec succès
INFO 2026-06-27 14:17:19,101 views 24756 5304 Image produit 1 décodée avec succès
INFO 2026-06-27 14:17:19,126 views 24756 5304 Image produit 2 décodée avec succès
INFO 2026-06-27 14:17:19,150 views 24756 5304 Image produit 3 décodée avec succès
INFO 2026-06-27 14:17:19,174 views 24756 5304 Image produit 4 décodée avec succès
INFO 2026-06-27 14:17:19,196 views 24756 5304 Image produit 5 décodée avec succès
INFO 2026-06-27 14:17:19,219 views 24756 5304 Image produit 6 décodée avec succès
INFO 2026-06-27 14:17:19,239 views 24756 5304 Image produit 7 décodée avec succès
INFO 2026-06-27 14:17:19,261 views 24756 5304 Image produit 8 décodée avec succès
INFO 2026-06-27 14:17:19,282 views 24756 5304 Image produit 9 décodée avec succès
INFO 2026-06-27 14:34:36,727 views 3260 19988 Image supprimée: C:\Users\merya\Desktop\3AI\sem1\pyhton\catalogue_project\media\produits/produit_10_9_1782566239.jpg
INFO 2026-06-27 14:34:36,728 views 3260 19988 Image supprimée: C:\Users\merya\Desktop\3AI\sem1\pyhton\catalogue_project\media\produits/produit_10_8_1782566239.jpg
INFO 2026-06-27 14:34:36,729 views 3260 19988 Image supprimée: C:\Users\merya\Desktop\3AI\sem1\pyhton\catalogue_project\media\produits/produit_10_7_1782566239.jpg
INFO 2026-06-27 14:34:36,730 views 3260 19988 Image supprimée: C:\Users\merya\Desktop\3AI\sem1\pyhton\catalogue_project\media\produits/produit_10_6_1782566239.jpg
INFO 2026-06-27 14:34:36,731 views 3260 19988 Image supprimée: C:\Users\merya\Desktop\3AI\sem1\pyhton\catalogue_project\media\produits/produit_10_5_1782566239.jpg
INFO 2026-06-27 14:34:36,732 views 3260 19988 Image supprimée: C:\Users\merya\Desktop\3AI\sem1\pyhton\catalogue_project\media\produits/produit_10_4_1782566239.jpg
INFO 2026-06-27 14:34:36,733 views 3260 19988 Image supprimée: C:\Users\merya\Desktop\3AI\sem1\pyhton\catalogue_project\media\produits/produit_10_3_1782566239.jpg
INFO 2026-06-27 14:34:36,734 views 3260 19988 Image supprimée: C:\Users\merya\Desktop\3AI\sem1\pyhton\catalogue_project\media\produits/produit_10_2_1782566239.jpg
INFO 2026-06-27 14:34:36,734 views 3260 19988 Image supprimée: C:\Users\merya\Desktop\3AI\sem1\pyhton\catalogue_project\media\produits/produit_10_1_1782566239.jpg
INFO 2026-06-27 14:34:36,735 views 3260 19988 Image supprimée: C:\Users\merya\Desktop\3AI\sem1\pyhton\catalogue_project\media\produits/produit_10_0_1782566239.jpg
INFO 2026-06-27 14:34:59,748 views 3260 19988 Image sauvegardée: catalogues/Anouar_2026-06-11_2026-06-27_catalogue_2_FB_IMG_1779096538915.jpg
WARNING 2026-06-27 14:34:59,865 easyocr 3260 19988 Using CPU. Note: This module is much faster with a GPU.
WARNING 2026-06-27 14:35:04,004 easyocr 3260 19988 Using CPU. Note: This module is much faster with a GPU.
INFO 2026-06-27 14:35:28,488 views 3260 19988 Produits détectés avec YOLO: 13
INFO 2026-06-27 14:35:28,494 views 3260 19988 Image produit 0 décodée avec succès
INFO 2026-06-27 14:35:28,530 views 3260 19988 Image produit 1 décodée avec succès
INFO 2026-06-27 14:35:28,547 views 3260 19988 Image produit 2 décodée avec succès
INFO 2026-06-27 14:35:28,564 views 3260 19988 Image produit 3 décodée avec succès
INFO 2026-06-27 14:35:28,581 views 3260 19988 Image produit 4 décodée avec succès
INFO 2026-06-27 14:35:28,610 views 3260 19988 Image produit 5 décodée avec succès
INFO 2026-06-27 14:35:28,636 views 3260 19988 Image produit 6 décodée avec succès
INFO 2026-06-27 14:35:28,665 views 3260 19988 Image produit 7 décodée avec succès
INFO 2026-06-27 14:35:28,681 views 3260 19988 Image produit 8 décodée avec succès
INFO 2026-06-27 14:35:28,696 views 3260 19988 Image produit 9 décodée avec succès
INFO 2026-06-27 14:35:28,727 views 3260 19988 Image produit 10 décodée avec succès
INFO 2026-06-27 14:35:28,766 views 3260 19988 Image produit 11 décodée avec succès
INFO 2026-06-27 14:35:28,808 views 3260 19988 Image produit 12 décodée avec succès
INFO 2026-06-27 16:22:01,935 views 21668 19368 Image sauvegardée: catalogues/Carrefour_2026-06-20_2026-06-27_Catalogue-Monoprix-OC3-du-03_02_2025-au-16_02_2025_page-0001.jpg
WARNING 2026-06-27 16:22:02,058 easyocr 21668 19368 Using CPU. Note: This module is much faster with a GPU.
WARNING 2026-06-27 16:22:11,417 easyocr 21668 19368 Using CPU. Note: This module is much faster with a GPU.
INFO 2026-06-27 16:22:27,472 views 21668 19368 Produits détectés avec YOLO: 3
INFO 2026-06-27 16:22:27,475 views 21668 19368 Image produit 0 décodée avec succès
INFO 2026-06-27 16:22:27,510 views 21668 19368 Image produit 1 décodée avec succès
INFO 2026-06-27 16:22:27,529 views 21668 19368 Image produit 2 décodée avec succès
INFO 2026-06-27 16:28:57,539 views 27408 27252 Image sauvegardée: catalogues/Carrefour_2026-06-20_2026-06-27_FB_IMG_1773693203340.jpg
WARNING 2026-06-27 16:28:58,056 easyocr 27408 27252 Using CPU. Note: This module is much faster with a GPU.
WARNING 2026-06-27 16:29:03,796 easyocr 27408 27252 Using CPU. Note: This module is much faster with a GPU.
INFO 2026-06-27 16:29:31,883 views 27408 27252 Produits détectés avec YOLO: 12
INFO 2026-06-27 16:29:31,890 views 27408 27252 Image produit 0 décodée avec succès
INFO 2026-06-27 16:29:31,921 views 27408 27252 Image produit 1 décodée avec succès
INFO 2026-06-27 16:29:31,940 views 27408 27252 Image produit 2 décodée avec succès
INFO 2026-06-27 16:29:31,960 views 27408 27252 Image produit 3 décodée avec succès
INFO 2026-06-27 16:29:31,980 views 27408 27252 Image produit 4 décodée avec succès
INFO 2026-06-27 16:29:32,001 views 27408 27252 Image produit 5 décodée avec succès
INFO 2026-06-27 16:29:32,021 views 27408 27252 Image produit 6 décodée avec succès
INFO 2026-06-27 16:29:32,046 views 27408 27252 Image produit 7 décodée avec succès
INFO 2026-06-27 16:29:32,068 views 27408 27252 Image produit 8 décodée avec succès
INFO 2026-06-27 16:29:32,089 views 27408 27252 Image produit 9 décodée avec succès
INFO 2026-06-27 16:29:32,114 views 27408 27252 Image produit 10 décodée avec succès
INFO 2026-06-27 16:29:32,137 views 27408 27252 Image produit 11 décodée avec succès
INFO 2026-06-27 17:10:14,121 views 27020 25300 Image sauvegardée: catalogues/Carrefour_2026-06-18_2026-06-27_FB_IMG_1781556200445.jpg
WARNING 2026-06-27 17:10:14,413 easyocr 27020 25300 Using CPU. Note: This module is much faster with a GPU.
WARNING 2026-06-27 17:10:23,260 easyocr 27020 25300 Using CPU. Note: This module is much faster with a GPU.
INFO 2026-06-27 17:11:07,166 views 27020 25300 Produits détectés avec YOLO: 3
INFO 2026-06-27 17:11:07,172 views 27020 25300 Image produit 0 décodée avec succès
INFO 2026-06-27 17:11:07,253 views 27020 25300 Image produit 1 décodée avec succès
INFO 2026-06-27 17:11:07,302 views 27020 25300 Image produit 2 décodée avec succès
INFO 2026-06-27 17:39:44,045 views 7548 25916 Image sauvegardee: catalogues/Aziza_2026-06-20_2026-06-27_FB_IMG_1781556200445.jpg
WARNING 2026-06-27 17:39:44,127 easyocr 7548 25916 Using CPU. Note: This module is much faster with a GPU.
WARNING 2026-06-27 17:39:47,203 easyocr 7548 25916 Using CPU. Note: This module is much faster with a GPU.
INFO 2026-06-27 17:40:01,945 views 7548 25916 Produits detectes avec YOLO: 3
INFO 2026-06-27 17:40:01,948 views 7548 25916 Image produit 0 decodee avec succes
INFO 2026-06-27 17:40:01,972 views 7548 25916 Image produit 1 decodee avec succes
INFO 2026-06-27 17:40:01,988 views 7548 25916 Image produit 2 decodee avec succes
INFO 2026-06-27 17:43:57,268 views 7548 24696 Image sauvegardee: catalogues/Carrefour_2026-06-20_2026-07-04_FB_IMG_1781556204671.jpg
INFO 2026-06-27 17:44:03,033 views 7548 24696 Produits detectes avec YOLO: 2
INFO 2026-06-27 17:44:03,038 views 7548 24696 Image produit 0 decodee avec succes
INFO 2026-06-27 17:44:03,059 views 7548 24696 Image produit 1 decodee avec succes
